alumne@CF-TTL-06:~$ git clone https://github.com/joamuran/LMI_EDD_Exercici_cistella.git 
Clonando en 'LMI_EDD_Exercici_cistella'... 
remote: Enumerating objects: 20, done. 
remote: Counting objects: 100% (20/20), done. 
remote: Compressing objects: 100% (19/19), done. 
remote: Total 20 (delta 1), reused 15 (delta 0), pack-reused 0 (from 0) 
Recibiendo objetos: 100% (20/20), 57.63 KiB | 641.00 KiB/s, listo. 
Resolviendo deltas: 100% (1/1), listo.
alumne@CF-TTL-06:~$ ls 
Descargas ¬†¬†¬†EDD+ ¬†¬†¬†¬†¬†¬†¬†¬†Im√°genes ¬†¬†¬†¬†¬†¬†¬†¬†¬†¬†¬†¬†¬†¬†¬†¬†¬†¬†¬†M√∫sica ¬†¬†¬†¬†¬†¬†projecte ¬†¬†scv ¬†¬†¬†V√≠deos 
Documentos ¬†¬†Escritorio ¬†¬†LMI_EDD_Exercici_cistella ¬†¬†Plantillas ¬†¬†P√∫blico ¬†¬†¬†snap ¬†'VirtualBox VMs' 
alumne@CF-TTL-06:~$ cd LMI_EDD_Exercici_cistella/

alumne@CF-TTL-06:~$~/LMI_EDD_Exercici_cistella$ sudo apt install npm
alumne@CF-TTL-06:~$~/LMI_EDD_Exercici_cistella$ cd part_1_nodejs/
alumne@CF-TTL-06:~$ ~/LMI_EDD_Exercici_cistella/part_1_nodejs$ npm install

added 1 package, and audited 2 packages in 981ms

found 0 vulnerabilities
alumne@CF-TTL-06:~/LMI_EDD_Exercici_cistella/part_1_nodejs$ npm start

> cistella@1.0.0 start
> nodejs cistella.js

üéÑ Benvingut a l'aplicaci√≥ de la Cistella de Nadal! üéÑ
üéÑ> 
alumne@CF-TTL-06:~/LMI_EDD_Exercici_cistella/part_1_nodejs$ cat cistella.js 
import readlineSync from 'readline-sync';// Classe Producte
class Producte {
    constructor(descripcio, preu) {
        this.descripcio = descripcio;
        this.preu = parseFloat(preu);
    }    toString() {
        return `${this.descripcio} - ${this.preu.toFixed(2)} ‚Ç¨`;
    }
}// Classe Cistella
class Cistella {
    constructor() {
        this.productes = [];  // Array buit per emmagatzemar els productes
    }    afegirProducte(producte, quantitat) {
        this.productes.push({ producte, quantitat: parseInt(quantitat) });
    }    mostrarCistella() {
        let preuTotal = 0;
        console.log('--- Contingut de la Cistella ---');
        this.productes.forEach((item, index) => {
            const subtotal = item.producte.preu * item.quantitat;
            console.log(`${index + 1}. ${item.producte.toString()} x ${item.quantitat} unitats - Subtotal: ${subtotal.toFixed(2)} ‚Ç¨`);
            preuTotal += subtotal;
        });
        console.log(`\nPreu Total: ${preuTotal.toFixed(2)} ‚Ç¨`);
    }
}// Funci√≥ per mostrar ajuda
function mostraAjuda() {
    console.log('Ajuda. Ordres permeses:\n');
    console.log('\thelp: Mostra aquesta ajuda');
    console.log('\texit: Ix de l\'aplicaci√≥');
    console.log('\tadd: Afig un nou producte a la cistella');
    console.log('\tshow: Mostra el contingut de la cistella');
}// Funci√≥ per afegir un producte
function afegirProducte(cistella) {
    const nom = readlineSync.question('Nom del producte: ');
    const preu = readlineSync.question('Preu del producte: ');
    if (isNaN(preu)) {
        console.log('Error: El preu ha de ser un n√∫mero.');
        return;
    }    const quantitat = readlineSync.question('Nombre d\'unitats: ');
    if (isNaN(quantitat) || parseInt(quantitat) <= 0) {
        console.log('Error: La quantitat ha de ser un n√∫mero positiu.');
        return;
    }    // Crear un nou producte i afegir-lo a la cistella
    const producte = new Producte(nom, preu);
    cistella.afegirProducte(producte, quantitat);    console.log("üéÑ: Producte afegit correctament!");
}// Funci√≥ principal
function iniciarAplicacio() {
    const cistella = new Cistella();  // Crear objecte cistella
    let ordre;    console.log("üéÑ: Benvingut a l'aplicaci√≥ de la Cistella de Nadal! üéÑ");    do {
        ordre = readlineSync.question('üéÑ > ').trim().toLowerCase();        switch (ordre) {
            case 'add':
                afegirProducte(cistella);  // Afegir un producte a la cistella
                break;
            case 'show':
                cistella.mostrarCistella();  // Mostrar contingut de la cistella
                break;
            case 'help':
                mostraAjuda();  // Mostrar ajuda
                break;
            case 'exit':
                console.log('Bon Nadal!');
                break;
            default:
                console.log('Ordre desconeguda. Escriu "help" per vore les ordres disponibles.');
        }
    } while (ordre !== 'exit');
}// Iniciar l'aplicaci√≥
iniciarAplicacio();




alumne@CF-TTL-06:~/LMI_EDD_Exercici_cistella/part_1_nodejs$ npm start

> cistella@1.0.0 start
> nodejs cistella.js

üéÑ: Benvingut a l'aplicaci√≥ de la Cistella de Nadal! üéÑ
üéÑ > add
Nom del producte: Roscon
Preu del producte: 30
Nombre d'unitats: 2
üéÑ: Producte afegit correctament!
üéÑ > show
--- Contingut de la Cistella ---
1. Roscon - 30.00 ‚Ç¨ x 2 unitats - Subtotal: 60.00 ‚Ç¨

Preu Total: 60.00 ‚Ç¨
üéÑ > exit
Bon Nadal!
